Plain Text File Document
========================

(for XYZ Inc.)

Versions:
Version 1a
Version 1b